before
internal/modules/cjs/loader.js:*
    internalBinding('errors').triggerUncaughtException(
                              ^
[RangeError: Maximum call stack size exceeded]
