internal/modules/cjs/loader.js:*
    internalBinding('errors').triggerUncaughtException(
                              ^
{ foo: 'bar' }
