internal/modules/cjs/loader.js:*
    internalBinding('errors').triggerUncaughtException(
                              ^
{ name: 'MyCustomError', message: 'This is a custom message' }
